Microchip Technology Inc, v1.31 (A)

Tool Name:
  c:\program files (x86)\microchip\xc16\v1.31\bin\bin\..\bin/elf-ld.exe

Command:
  -p24F16KA102 \
  -o \
  dist/default/production/originalend.X.production.elf \
  -Lc:/program files (x86)/microchip/xc16/v1.31/bin/bin/.. \
  -Lc:/program files (x86)/microchip/xc16/v1.31/bin/bin/../../lib \
  -Lc:/program files (x86)/microchip/xc16/v1.31/bin/bin/../../support/PIC24E/gld \
  -Lc:/program files (x86)/microchip/xc16/v1.31/bin/bin/../../support/PIC24F/gld \
  -Lc:/program files (x86)/microchip/xc16/v1.31/bin/bin/../../support/PIC24H/gld \
  -Lc:/program files (x86)/microchip/xc16/v1.31/bin/bin/../../support/dsPIC30F/gld \
  -Lc:/program files (x86)/microchip/xc16/v1.31/bin/bin/../../support/dsPIC33E/gld \
  -Lc:/program files (x86)/microchip/xc16/v1.31/bin/bin/../../support/dsPIC33F/gld \
  build/default/production/_ext/1472/HardwareProfile.o \
  build/default/production/_ext/1472/EndPoint.o \
  build/default/production/_ext/1860783399/Console.o \
  build/default/production/_ext/1860783399/MSPI.o \
  build/default/production/_ext/1860783399/TimeDelay.o \
  build/default/production/_ext/1466186449/NVM.o \
  build/default/production/_ext/35256690/MiWi.o \
  build/default/production/_ext/1109514802/P2P.o \
  build/default/production/_ext/1466186449/SymbolTime.o \
  build/default/production/_ext/1127682237/crc.o \
  build/default/production/_ext/1061806389/MRF24J40.o \
  build/default/production/_ext/1696884637/MRF49XA.o \
  build/default/production/_ext/1127682237/security.o \
  build/default/production/_ext/1697003801/MRF89XA.o \
  --defsym=__MPLAB_BUILD=1 \
  -Tp24F16KA102.gld.00 \
  --stack=16 \
  --check-sections \
  --data-init \
  --pack-data \
  --handles \
  --isr \
  --no-gc-sections \
  --fill-upper=0 \
  --stackguard=16 \
  --library-path=.. \
  --library-path=. \
  --no-force-link \
  --smart-io \
  -Map=originalend.X.production.map \
  --memorysummary \
  dist/default/production/memoryfile.xml \
  -start-group \
  --library=pic30-elf \
  --library=m-elf \
  --library=c-elf \
  -end-group \


Optional library libpPIC24Fxxx.a not found
Archive member included because of file (symbol)

c:/program files (x86)/microchip/xc16/v1.31/bin/bin/../../lib\libpic30-elf.a(crt0_standard.o)
                              (__resetPRI)
c:/program files (x86)/microchip/xc16/v1.31/bin/bin/../../lib\libpic30-elf.a(data_init_standard.o)
                              c:/program files (x86)/microchip/xc16/v1.31/bin/bin/../../lib\libpic30-elf.a(crt0_standard.o) (__data_init_standard)
c:/program files (x86)/microchip/xc16/v1.31/bin/bin/../../lib\libpic30-elf.a(crt_start_mode_normal.eo)
                              (__crt_start_mode_normal)


Selected CodeGuard Options:
  FBS:BWRP:OFF
  FBS:BSS:OFF
  FGS:GWRP:OFF
  FGS:GCP:OFF

CodeGuard FLASH Memory:
  boot    (none)
  secure  (none)
  general 0x200 to 0x2bfe

CodeGuard RAM Memory:
  general 0x800 to 0xdff
  secure  (none)
  boot    (none)

CodeGuard EEPROM Memory:
  general 0x7ffe00 to 0x7fffff
  secure  (none)
  boot    (none)


xc16-ld 1.31 (A)

Program Memory  [Origin = 0x200, Length = 0x2a00]

section                    address   length (PC units)   length (bytes) (dec)
-------                    -------   -----------------   --------------------
.text                        0x200               0x1d2           0x2bb  (699)
.text                        0x3d2               0xc90          0x12d8  (4824)
.dinit                      0x1062                0x26            0x39  (57)
.text                       0x1088                0x1e            0x2d  (45)

                 Total program memory used (bytes):         0x15f9  (5625) 34%


Ivt Memory  [Origin = 0x4, Length = 0xfc]

section                    address   length (PC units)   length (bytes) (dec)
-------                    -------   -----------------   --------------------
.ivt._T1Interrupt             0x1a                 0x2             0x3  (3)
.ivt._INT1Interrupt           0x3c                 0x2             0x3  (3)


Data Memory  [Origin = 0x800, Length = 0x600]

section                    address      alignment gaps    total length  (dec)
-------                    -------      --------------    -------------------
.nbss                        0x800                   0           0x184  (388)
.ndata                       0x984                   0             0x8  (8)
.nbss                        0x98c                   0             0x2  (2)

                 Total data memory used (bytes):          0x18e  (398) 25%


Dynamic Memory Usage

region                     address                      maximum length  (dec)
------                     -------                      ---------------------
heap                             0                                   0  (0)
stack                        0x98e                               0x472  (1138)

                 Maximum dynamic memory (bytes):          0x472  (1138)


External Symbols in Data Memory (by address):

                    0x0800                  _TxBuffer
                    0x0864                  _ConnectionTable
                    0x08be                  _myPANID
                    0x08c0                  _currentChannel
                    0x08c1                  _TxData
                    0x08c2                  _ConnMode
                    0x08c3                  _P2PCapacityInfo
                    0x08c4                  _rxMessage
                    0x08d0                  _LatestConnection
                    0x08d1                  _P2PStatus
                    0x08d2                  _MACRxPacket
                    0x08e0                  _MACInitParams
                    0x08e4                  _RxBuffer
                    0x0961                  _IEEESeqNum
                    0x0962                  _failureCounter
                    0x0964                  _MACCurrentChannel
                    0x0966                  _MAC_PANID
                    0x0968                  _myNetworkAddress
                    0x096a                  _t1
                    0x096e                  _t2
                    0x0972                  _MRF24J40Status
                    0x0974                  _gqwTicks
                    0x097c                  _gqwTime
                    0x0984                  _myLongAddress
                    0x098c                  _timerExtension1
                    0x098d                  _timerExtension2

External Symbols in Data Memory (by name):

                    0x08c2                  _ConnMode
                    0x0864                  _ConnectionTable
                    0x0961                  _IEEESeqNum
                    0x08d0                  _LatestConnection
                    0x0964                  _MACCurrentChannel
                    0x08e0                  _MACInitParams
                    0x08d2                  _MACRxPacket
                    0x0966                  _MAC_PANID
                    0x0972                  _MRF24J40Status
                    0x08c3                  _P2PCapacityInfo
                    0x08d1                  _P2PStatus
                    0x08e4                  _RxBuffer
                    0x0800                  _TxBuffer
                    0x08c1                  _TxData
                    0x08c0                  _currentChannel
                    0x0962                  _failureCounter
                    0x0974                  _gqwTicks
                    0x097c                  _gqwTime
                    0x0984                  _myLongAddress
                    0x0968                  _myNetworkAddress
                    0x08be                  _myPANID
                    0x08c4                  _rxMessage
                    0x096a                  _t1
                    0x096e                  _t2
                    0x098c                  _timerExtension1
                    0x098d                  _timerExtension2

External Symbols in Program Memory (by address):

                  0x000200                  __resetPRI
                  0x00023c                  __psv_init
                  0x000252                  __data_init_standard
                  0x000252                  __data_init
                  0x0002c8                  __T1Interrupt
                  0x00034a                  _main
                  0x0003cc                  __DefaultInterrupt
                  0x0003d2                  _PHYSetLongRAMAddr
                  0x000418                  _PHYSetShortRAMAddr
                  0x00044a                  _PHYGetShortRAMAddr
                  0x00047c                  _PHYGetLongRAMAddr
                  0x0004c0                  _InitMRF24J40
                  0x0005ce                  _MiMAC_ReceivedPacket
                  0x000716                  _MiMAC_DiscardPacket
                  0x00071e                  _MiMAC_SendPacket
                  0x000a18                  _MiMAC_SetChannel
                  0x000a56                  _MiMAC_SetPower
                  0x000ad0                  _MiMAC_SetAltAddress
                  0x000b16                  _MiMAC_Init
                  0x000b34                  __INT1Interrupt
                  0x000bf0                  _MacroNop
                  0x000bf8                  _P2PTasks
                  0x000c9c                  _MiApp_ProtocolInit
                  0x000d26                  _SendPacket
                  0x000de6                  _MiApp_BroadcastPacket
                  0x000dfa                  _MiApp_UnicastConnection
                  0x000e2e                  _MiApp_UnicastAddress
                  0x000e46                  _isSameAddress
                  0x000e78                  _MiApp_DiscardMessage
                  0x000e82                  _MiApp_SetChannel
                  0x000ea0                  _MiApp_MessageAvailable
                  0x000eb2                  _DumpConnection
                  0x000f1e                  _MiApp_ConnectionMode
                  0x000f46                  _Delay10us
                  0x000f8e                  _DelayMs
                  0x000fcc                  _BoardInit
                  0x001034                  _SPIPut
                  0x001054                  _SPIGet
                  0x001088                  _InitSymbolTimer
                  0x001094                  _TickGet
                  0xf80000                  __FBS.sec
                  0xf80004                  __FGS.sec

External Symbols in Program Memory (by name):

                  0x000fcc                  _BoardInit
                  0x000f46                  _Delay10us
                  0x000f8e                  _DelayMs
                  0x000eb2                  _DumpConnection
                  0x0004c0                  _InitMRF24J40
                  0x001088                  _InitSymbolTimer
                  0x000bf0                  _MacroNop
                  0x000de6                  _MiApp_BroadcastPacket
                  0x000f1e                  _MiApp_ConnectionMode
                  0x000e78                  _MiApp_DiscardMessage
                  0x000ea0                  _MiApp_MessageAvailable
                  0x000c9c                  _MiApp_ProtocolInit
                  0x000e82                  _MiApp_SetChannel
                  0x000e2e                  _MiApp_UnicastAddress
                  0x000dfa                  _MiApp_UnicastConnection
                  0x000716                  _MiMAC_DiscardPacket
                  0x000b16                  _MiMAC_Init
                  0x0005ce                  _MiMAC_ReceivedPacket
                  0x00071e                  _MiMAC_SendPacket
                  0x000ad0                  _MiMAC_SetAltAddress
                  0x000a18                  _MiMAC_SetChannel
                  0x000a56                  _MiMAC_SetPower
                  0x000bf8                  _P2PTasks
                  0x00047c                  _PHYGetLongRAMAddr
                  0x00044a                  _PHYGetShortRAMAddr
                  0x0003d2                  _PHYSetLongRAMAddr
                  0x000418                  _PHYSetShortRAMAddr
                  0x001054                  _SPIGet
                  0x001034                  _SPIPut
                  0x000d26                  _SendPacket
                  0x001094                  _TickGet
                  0x0003cc                  __DefaultInterrupt
                  0xf80000                  __FBS.sec
                  0xf80004                  __FGS.sec
                  0x000b34                  __INT1Interrupt
                  0x0002c8                  __T1Interrupt
                  0x000252                  __data_init
                  0x000252                  __data_init_standard
                  0x00023c                  __psv_init
                  0x000200                  __resetPRI
                  0x000e46                  _isSameAddress
                  0x00034a                  _main

Memory Configuration

Name             Origin             Length             Attributes
data             0x000800           0x000600           a !xr
reset            0x000000           0x000004  
ivt              0x000004           0x0000fc  
_reserved        0x000100           0x000004  
aivt             0x000104           0x0000fc  
program          0x000200           0x002a00           xr
eedata           0x7ffe00           0x000200  
FBS              0xf80000           0x000002  
FGS              0xf80004           0x000002  
FOSCSEL          0xf80006           0x000002  
FOSC             0xf80008           0x000002  
FWDT             0xf8000a           0x000002  
FPOR             0xf8000c           0x000002  
FICD             0xf8000e           0x000002  
FDS              0xf80010           0x000002  
*default*        0x000000           0xffffffff  

Linker script and memory map

LOAD build/default/production/_ext/1472/HardwareProfile.o
LOAD build/default/production/_ext/1472/EndPoint.o
LOAD build/default/production/_ext/1860783399/Console.o
LOAD build/default/production/_ext/1860783399/MSPI.o
LOAD build/default/production/_ext/1860783399/TimeDelay.o
LOAD build/default/production/_ext/1466186449/NVM.o
LOAD build/default/production/_ext/35256690/MiWi.o
LOAD build/default/production/_ext/1109514802/P2P.o
LOAD build/default/production/_ext/1466186449/SymbolTime.o
LOAD build/default/production/_ext/1127682237/crc.o
LOAD build/default/production/_ext/1061806389/MRF24J40.o
LOAD build/default/production/_ext/1696884637/MRF49XA.o
LOAD build/default/production/_ext/1127682237/security.o
LOAD build/default/production/_ext/1697003801/MRF89XA.o
                    0x0001                  __MPLAB_BUILD = 0x1
LOAD pPIC24Fxxx
LOAD c:/program files (x86)/microchip/xc16/v1.31/bin/bin/../../lib\libfx-elf.a
                    0xf80000                  __FBS = 0xf80000
                    0xf80004                  __FGS = 0xf80004
                    0xf80006                  __FOSCSEL = 0xf80006
                    0xf80008                  __FOSC = 0xf80008
                    0xf8000a                  __FWDT = 0xf8000a
                    0xf8000c                  __FPOR = 0xf8000c
                    0xf8000e                  __FICD = 0xf8000e
                    0xf80010                  __FDS = 0xf80010
                    0x0001                  __NO_HANDLES = 0x1
                    0x0200                  __CODE_BASE = 0x200
                    0x2a00                  __CODE_LENGTH = 0x2a00
                    0x0004                  __IVT_BASE = 0x4
                    0x0104                  __AIVT_BASE = 0x104
                    0x0800                  __DATA_BASE = 0x800
                    0x0600                  __DATA_LENGTH = 0x600

.reset            0x000000          0x4
                  0x000000          0x2 SHORT 0x200 ABSOLUTE (__reset)
                  0x000001          0x2 SHORT 0x4
                  0x000002          0x2 SHORT 0x0 ((ABSOLUTE (__reset) >> 0x10) & 0x7f)
                  0x000003          0x2 SHORT 0x0

.text             0x000200        0x1d2
 *(.init)
 .init            0x000200         0x4c c:/program files (x86)/microchip/xc16/v1.31/bin/bin/../../lib\libpic30-elf.a(crt0_standard.o)
                  0x000200                  __resetPRI
                  0x000200                  __reset
                  0x00023c                  __psv_init
 .init            0x00024c         0x7c c:/program files (x86)/microchip/xc16/v1.31/bin/bin/../../lib\libpic30-elf.a(data_init_standard.o)
                  0x000252                  __data_init_standard
                  0x000252                  __data_init
 *(.user_init)
 *(.handle)
 *(.isr*)
 .isr.text        0x0002c8        0x104 build/default/production/_ext/1472/EndPoint.o
                  0x0002c8                  __T1Interrupt
                  0x00034a                  _main
 .isr             0x0003cc          0x4 default_isr
                  0x0003cc                  __DefaultInterrupt
 *(.libc)
 *(.libm)
 *(.libdsp)
 *(.lib*)
 .libpic30_crt_start_mode
                  0x0003d0          0x2 c:/program files (x86)/microchip/xc16/v1.31/bin/bin/../../lib\libpic30-elf.a(crt_start_mode_normal.eo)
                  0x0003d0                  __crt_start_mode
                  0x0003d0                  __crt_start_mode_normal

usercode
 *(usercode)

__FBS             0xf80000          0x2
 *(__FBS.sec*)
 __FBS.sec        0xf80000          0x2 FBS
                  0xf80000                  __FBS.sec

__FGS             0xf80004          0x2
 *(__FGS.sec*)
 __FGS.sec        0xf80004          0x2 FGS
                  0xf80004                  __FGS.sec

__FOSCSEL         0xf80006          0x2
 *(__FOSCSEL.sec*)
 __FOSCSEL.sec    0xf80006          0x2 build/default/production/_ext/1472/HardwareProfile.o

__FOSC            0xf80008          0x2
 *(__FOSC.sec*)
 __FOSC.sec       0xf80008          0x2 build/default/production/_ext/1472/HardwareProfile.o

__FWDT            0xf8000a          0x2
 *(__FWDT.sec*)
 __FWDT.sec       0xf8000a          0x2 build/default/production/_ext/1472/HardwareProfile.o

__FPOR            0xf8000c          0x2
 *(__FPOR.sec*)
 __FPOR.sec       0xf8000c          0x2 build/default/production/_ext/1472/HardwareProfile.o

__FICD            0xf8000e          0x2
 *(__FICD.sec*)
 __FICD.sec       0xf8000e          0x2 build/default/production/_ext/1472/HardwareProfile.o

__FDS             0xf80010          0x2
 *(__FDS.sec*)
 __FDS.sec        0xf80010          0x2 build/default/production/_ext/1472/HardwareProfile.o

.comment
 *(.comment)

.debug_info       0x000000       0x5165
 *(.debug_info)
 .debug_info      0x000000        0xe21 build/default/production/_ext/1472/HardwareProfile.o
 .debug_info      0x000e21        0x990 build/default/production/_ext/1472/EndPoint.o
 .debug_info      0x0017b1        0x173 build/default/production/_ext/1860783399/Console.o
 .debug_info      0x001924        0x32d build/default/production/_ext/1860783399/MSPI.o
 .debug_info      0x001c51        0x24f build/default/production/_ext/1860783399/TimeDelay.o
 .debug_info      0x001ea0        0x17a build/default/production/_ext/1466186449/NVM.o
 .debug_info      0x00201a        0x180 build/default/production/_ext/35256690/MiWi.o
 .debug_info      0x00219a       0x121b build/default/production/_ext/1109514802/P2P.o
 .debug_info      0x0033b5        0x485 build/default/production/_ext/1466186449/SymbolTime.o
 .debug_info      0x00383a        0x175 build/default/production/_ext/1127682237/crc.o
 .debug_info      0x0039af       0x133a build/default/production/_ext/1061806389/MRF24J40.o
 .debug_info      0x004ce9        0x181 build/default/production/_ext/1696884637/MRF49XA.o
 .debug_info      0x004e6a        0x17a build/default/production/_ext/1127682237/security.o
 .debug_info      0x004fe4        0x181 build/default/production/_ext/1697003801/MRF89XA.o
 *(.gnu.linkonce.wi.*)

.debug_abbrev     0x000000        0xb40
 *(.debug_abbrev)
 .debug_abbrev    0x000000         0xe1 build/default/production/_ext/1472/HardwareProfile.o
 .debug_abbrev    0x0000e1        0x1ba build/default/production/_ext/1472/EndPoint.o
 .debug_abbrev    0x00029b         0x1f build/default/production/_ext/1860783399/Console.o
 .debug_abbrev    0x0002ba         0xc5 build/default/production/_ext/1860783399/MSPI.o
 .debug_abbrev    0x00037f         0x68 build/default/production/_ext/1860783399/TimeDelay.o
 .debug_abbrev    0x0003e7         0x1f build/default/production/_ext/1466186449/NVM.o
 .debug_abbrev    0x000406         0x1f build/default/production/_ext/35256690/MiWi.o
 .debug_abbrev    0x000425        0x2b8 build/default/production/_ext/1109514802/P2P.o
 .debug_abbrev    0x0006dd        0x14a build/default/production/_ext/1466186449/SymbolTime.o
 .debug_abbrev    0x000827         0x1f build/default/production/_ext/1127682237/crc.o
 .debug_abbrev    0x000846        0x29d build/default/production/_ext/1061806389/MRF24J40.o
 .debug_abbrev    0x000ae3         0x1f build/default/production/_ext/1696884637/MRF49XA.o
 .debug_abbrev    0x000b02         0x1f build/default/production/_ext/1127682237/security.o
 .debug_abbrev    0x000b21         0x1f build/default/production/_ext/1697003801/MRF89XA.o

.debug_line       0x000000        0xb24
 *(.debug_line)
 .debug_line      0x000000         0xc9 build/default/production/_ext/1472/HardwareProfile.o
 .debug_line      0x0000c9        0x161 build/default/production/_ext/1472/EndPoint.o
 .debug_line      0x00022a         0x1a build/default/production/_ext/1860783399/Console.o
 .debug_line      0x000244         0xe9 build/default/production/_ext/1860783399/MSPI.o
 .debug_line      0x00032d         0xa0 build/default/production/_ext/1860783399/TimeDelay.o
 .debug_line      0x0003cd         0x1a build/default/production/_ext/1466186449/NVM.o
 .debug_line      0x0003e7         0x1a build/default/production/_ext/35256690/MiWi.o
 .debug_line      0x000401        0x254 build/default/production/_ext/1109514802/P2P.o
 .debug_line      0x000655        0x138 build/default/production/_ext/1466186449/SymbolTime.o
 .debug_line      0x00078d         0x1a build/default/production/_ext/1127682237/crc.o
 .debug_line      0x0007a7        0x32f build/default/production/_ext/1061806389/MRF24J40.o
 .debug_line      0x000ad6         0x1a build/default/production/_ext/1696884637/MRF49XA.o
 .debug_line      0x000af0         0x1a build/default/production/_ext/1127682237/security.o
 .debug_line      0x000b0a         0x1a build/default/production/_ext/1697003801/MRF89XA.o

.debug_frame      0x000000        0x4ea
 *(.debug_frame)
 .debug_frame     0x000000         0x30 build/default/production/_ext/1472/HardwareProfile.o
 .debug_frame     0x000030         0xb6 build/default/production/_ext/1472/EndPoint.o
 .debug_frame     0x0000e6         0x4c build/default/production/_ext/1860783399/MSPI.o
 .debug_frame     0x000132         0x4c build/default/production/_ext/1860783399/TimeDelay.o
 .debug_frame     0x00017e        0x180 build/default/production/_ext/1109514802/P2P.o
 .debug_frame     0x0002fe         0x4c build/default/production/_ext/1466186449/SymbolTime.o
 .debug_frame     0x00034a        0x1a0 build/default/production/_ext/1061806389/MRF24J40.o

.debug_str        0x000000        0x28a
 *(.debug_str)
 .debug_str       0x000000         0x62 build/default/production/_ext/1472/HardwareProfile.o
 .debug_str       0x000062         0x40 build/default/production/_ext/1472/EndPoint.o
 .debug_str       0x0000a2          0x9 build/default/production/_ext/1860783399/MSPI.o
 .debug_str       0x0000ab         0xee build/default/production/_ext/1109514802/P2P.o
 .debug_str       0x000199          0xa build/default/production/_ext/1466186449/SymbolTime.o
 .debug_str       0x0001a3         0xe7 build/default/production/_ext/1061806389/MRF24J40.o

.debug_loc
 *(.debug_loc)

.debug_macinfo
 *(.debug_macinfo)

.debug_pubnames
                  0x000000        0x50a
 *(.debug_pubnames)
 .debug_pubnames
                  0x000000         0x70 build/default/production/_ext/1472/HardwareProfile.o
 .debug_pubnames
                  0x000070         0x45 build/default/production/_ext/1472/EndPoint.o
 .debug_pubnames
                  0x0000b5         0x28 build/default/production/_ext/1860783399/MSPI.o
 .debug_pubnames
                  0x0000dd         0x2c build/default/production/_ext/1860783399/TimeDelay.o
 .debug_pubnames
                  0x000109        0x1e7 build/default/production/_ext/1109514802/P2P.o
 .debug_pubnames
                  0x0002f0         0x5a build/default/production/_ext/1466186449/SymbolTime.o
 .debug_pubnames
                  0x00034a        0x1c0 build/default/production/_ext/1061806389/MRF24J40.o

.debug_ranges
 *(.debug_ranges)

.debug_aranges    0x000000         0xa8
 *(.debug_aranges)
 .debug_aranges
                  0x000000         0x18 build/default/production/_ext/1472/HardwareProfile.o
 .debug_aranges
                  0x000018         0x18 build/default/production/_ext/1472/EndPoint.o
 .debug_aranges
                  0x000030         0x18 build/default/production/_ext/1860783399/MSPI.o
 .debug_aranges
                  0x000048         0x18 build/default/production/_ext/1860783399/TimeDelay.o
 .debug_aranges
                  0x000060         0x18 build/default/production/_ext/1109514802/P2P.o
 .debug_aranges
                  0x000078         0x18 build/default/production/_ext/1466186449/SymbolTime.o
 .debug_aranges
                  0x000090         0x18 build/default/production/_ext/1061806389/MRF24J40.o
                    0x0000                  WREG0 = 0x0
                    0x0000                  _WREG0 = 0x0
                    0x0002                  WREG1 = 0x2
                    0x0002                  _WREG1 = 0x2
                    0x0004                  WREG2 = 0x4
                    0x0004                  _WREG2 = 0x4
                    0x0006                  WREG3 = 0x6
                    0x0006                  _WREG3 = 0x6
                    0x0008                  WREG4 = 0x8
                    0x0008                  _WREG4 = 0x8
                    0x000a                  WREG5 = 0xa
                    0x000a                  _WREG5 = 0xa
                    0x000c                  WREG6 = 0xc
                    0x000c                  _WREG6 = 0xc
                    0x000e                  WREG7 = 0xe
                    0x000e                  _WREG7 = 0xe
                    0x0010                  WREG8 = 0x10
                    0x0010                  _WREG8 = 0x10
                    0x0012                  WREG9 = 0x12
                    0x0012                  _WREG9 = 0x12
                    0x0014                  WREG10 = 0x14
                    0x0014                  _WREG10 = 0x14
                    0x0016                  WREG11 = 0x16
                    0x0016                  _WREG11 = 0x16
                    0x0018                  WREG12 = 0x18
                    0x0018                  _WREG12 = 0x18
                    0x001a                  WREG13 = 0x1a
                    0x001a                  _WREG13 = 0x1a
                    0x001c                  WREG14 = 0x1c
                    0x001c                  _WREG14 = 0x1c
                    0x001e                  WREG15 = 0x1e
                    0x001e                  _WREG15 = 0x1e
                    0x0020                  SPLIM = 0x20
                    0x0020                  _SPLIM = 0x20
                    0x002e                  PCL = 0x2e
                    0x002e                  _PCL = 0x2e
                    0x0030                  PCH = 0x30
                    0x0030                  _PCH = 0x30
                    0x0032                  TBLPAG = 0x32
                    0x0032                  _TBLPAG = 0x32
                    0x0034                  PSVPAG = 0x34
                    0x0034                  _PSVPAG = 0x34
                    0x0036                  RCOUNT = 0x36
                    0x0036                  _RCOUNT = 0x36
                    0x0042                  SR = 0x42
                    0x0042                  _SR = 0x42
                    0x0042                  _SRbits = 0x42
                    0x0044                  CORCON = 0x44
                    0x0044                  _CORCON = 0x44
                    0x0044                  _CORCONbits = 0x44
                    0x0052                  DISICNT = 0x52
                    0x0052                  _DISICNT = 0x52
                    0x0060                  CNEN1 = 0x60
                    0x0060                  _CNEN1 = 0x60
                    0x0060                  _CNEN1bits = 0x60
                    0x0062                  CNEN2 = 0x62
                    0x0062                  _CNEN2 = 0x62
                    0x0062                  _CNEN2bits = 0x62
                    0x0068                  CNPU1 = 0x68
                    0x0068                  _CNPU1 = 0x68
                    0x0068                  _CNPU1bits = 0x68
                    0x006a                  CNPU2 = 0x6a
                    0x006a                  _CNPU2 = 0x6a
                    0x006a                  _CNPU2bits = 0x6a
                    0x0070                  CNPD1 = 0x70
                    0x0070                  _CNPD1 = 0x70
                    0x0070                  _CNPD1bits = 0x70
                    0x0072                  CNPD2 = 0x72
                    0x0072                  _CNPD2 = 0x72
                    0x0072                  _CNPD2bits = 0x72
                    0x0080                  INTCON1 = 0x80
                    0x0080                  _INTCON1 = 0x80
                    0x0080                  _INTCON1bits = 0x80
                    0x0082                  INTCON2 = 0x82
                    0x0082                  _INTCON2 = 0x82
                    0x0082                  _INTCON2bits = 0x82
                    0x0084                  IFS0 = 0x84
                    0x0084                  _IFS0 = 0x84
                    0x0084                  _IFS0bits = 0x84
                    0x0086                  IFS1 = 0x86
                    0x0086                  _IFS1 = 0x86
                    0x0086                  _IFS1bits = 0x86
                    0x008a                  IFS3 = 0x8a
                    0x008a                  _IFS3 = 0x8a
                    0x008a                  _IFS3bits = 0x8a
                    0x008c                  IFS4 = 0x8c
                    0x008c                  _IFS4 = 0x8c
                    0x008c                  _IFS4bits = 0x8c
                    0x0094                  IEC0 = 0x94
                    0x0094                  _IEC0 = 0x94
                    0x0094                  _IEC0bits = 0x94
                    0x0096                  IEC1 = 0x96
                    0x0096                  _IEC1 = 0x96
                    0x0096                  _IEC1bits = 0x96
                    0x009a                  IEC3 = 0x9a
                    0x009a                  _IEC3 = 0x9a
                    0x009a                  _IEC3bits = 0x9a
                    0x009c                  IEC4 = 0x9c
                    0x009c                  _IEC4 = 0x9c
                    0x009c                  _IEC4bits = 0x9c
                    0x00a4                  IPC0 = 0xa4
                    0x00a4                  _IPC0 = 0xa4
                    0x00a4                  _IPC0bits = 0xa4
                    0x00a6                  IPC1 = 0xa6
                    0x00a6                  _IPC1 = 0xa6
                    0x00a6                  _IPC1bits = 0xa6
                    0x00a8                  IPC2 = 0xa8
                    0x00a8                  _IPC2 = 0xa8
                    0x00a8                  _IPC2bits = 0xa8
                    0x00aa                  IPC3 = 0xaa
                    0x00aa                  _IPC3 = 0xaa
                    0x00aa                  _IPC3bits = 0xaa
                    0x00ac                  IPC4 = 0xac
                    0x00ac                  _IPC4 = 0xac
                    0x00ac                  _IPC4bits = 0xac
                    0x00ae                  IPC5 = 0xae
                    0x00ae                  _IPC5 = 0xae
                    0x00ae                  _IPC5bits = 0xae
                    0x00b2                  IPC7 = 0xb2
                    0x00b2                  _IPC7 = 0xb2
                    0x00b2                  _IPC7bits = 0xb2
                    0x00c2                  IPC15 = 0xc2
                    0x00c2                  _IPC15 = 0xc2
                    0x00c2                  _IPC15bits = 0xc2
                    0x00c4                  IPC16 = 0xc4
                    0x00c4                  _IPC16 = 0xc4
                    0x00c4                  _IPC16bits = 0xc4
                    0x00c8                  IPC18 = 0xc8
                    0x00c8                  _IPC18 = 0xc8
                    0x00c8                  _IPC18bits = 0xc8
                    0x00ca                  IPC19 = 0xca
                    0x00ca                  _IPC19 = 0xca
                    0x00ca                  _IPC19bits = 0xca
                    0x00e0                  INTTREG = 0xe0
                    0x00e0                  _INTTREG = 0xe0
                    0x00e0                  _INTTREGbits = 0xe0
                    0x0100                  TMR1 = 0x100
                    0x0100                  _TMR1 = 0x100
                    0x0102                  PR1 = 0x102
                    0x0102                  _PR1 = 0x102
                    0x0104                  T1CON = 0x104
                    0x0104                  _T1CON = 0x104
                    0x0104                  _T1CONbits = 0x104
                    0x0106                  TMR2 = 0x106
                    0x0106                  _TMR2 = 0x106
                    0x0108                  TMR3HLD = 0x108
                    0x0108                  _TMR3HLD = 0x108
                    0x010a                  TMR3 = 0x10a
                    0x010a                  _TMR3 = 0x10a
                    0x010c                  PR2 = 0x10c
                    0x010c                  _PR2 = 0x10c
                    0x010e                  PR3 = 0x10e
                    0x010e                  _PR3 = 0x10e
                    0x0110                  T2CON = 0x110
                    0x0110                  _T2CON = 0x110
                    0x0110                  _T2CONbits = 0x110
                    0x0112                  T3CON = 0x112
                    0x0112                  _T3CON = 0x112
                    0x0112                  _T3CONbits = 0x112
                    0x0140                  IC1BUF = 0x140
                    0x0140                  _IC1BUF = 0x140
                    0x0142                  IC1CON = 0x142
                    0x0142                  _IC1CON = 0x142
                    0x0142                  _IC1CONbits = 0x142
                    0x0180                  OC1RS = 0x180
                    0x0180                  _OC1RS = 0x180
                    0x0182                  OC1R = 0x182
                    0x0182                  _OC1R = 0x182
                    0x0184                  OC1CON = 0x184
                    0x0184                  _OC1CON = 0x184
                    0x0184                  _OC1CONbits = 0x184
                    0x0200                  I2C1RCV = 0x200
                    0x0200                  _I2C1RCV = 0x200
                    0x0202                  I2C1TRN = 0x202
                    0x0202                  _I2C1TRN = 0x202
                    0x0204                  I2C1BRG = 0x204
                    0x0204                  _I2C1BRG = 0x204
                    0x0206                  I2C1CON = 0x206
                    0x0206                  _I2C1CON = 0x206
                    0x0206                  _I2C1CONbits = 0x206
                    0x0208                  I2C1STAT = 0x208
                    0x0208                  _I2C1STAT = 0x208
                    0x0208                  _I2C1STATbits = 0x208
                    0x020a                  I2C1ADD = 0x20a
                    0x020a                  _I2C1ADD = 0x20a
                    0x020c                  I2C1MSK = 0x20c
                    0x020c                  _I2C1MSK = 0x20c
                    0x020c                  _I2C1MSKbits = 0x20c
                    0x0220                  U1MODE = 0x220
                    0x0220                  _U1MODE = 0x220
                    0x0220                  _U1MODEbits = 0x220
                    0x0222                  U1STA = 0x222
                    0x0222                  _U1STA = 0x222
                    0x0222                  _U1STAbits = 0x222
                    0x0224                  U1TXREG = 0x224
                    0x0224                  _U1TXREG = 0x224
                    0x0226                  U1RXREG = 0x226
                    0x0226                  _U1RXREG = 0x226
                    0x0228                  U1BRG = 0x228
                    0x0228                  _U1BRG = 0x228
                    0x0230                  U2MODE = 0x230
                    0x0230                  _U2MODE = 0x230
                    0x0230                  _U2MODEbits = 0x230
                    0x0232                  U2STA = 0x232
                    0x0232                  _U2STA = 0x232
                    0x0232                  _U2STAbits = 0x232
                    0x0234                  U2TXREG = 0x234
                    0x0234                  _U2TXREG = 0x234
                    0x0236                  U2RXREG = 0x236
                    0x0236                  _U2RXREG = 0x236
                    0x0238                  U2BRG = 0x238
                    0x0238                  _U2BRG = 0x238
                    0x0240                  SPI1STAT = 0x240
                    0x0240                  _SPI1STAT = 0x240
                    0x0240                  _SPI1STATbits = 0x240
                    0x0242                  SPI1CON1 = 0x242
                    0x0242                  _SPI1CON1 = 0x242
                    0x0242                  _SPI1CON1bits = 0x242
                    0x0244                  SPI1CON2 = 0x244
                    0x0244                  _SPI1CON2 = 0x244
                    0x0244                  _SPI1CON2bits = 0x244
                    0x0248                  SPI1BUF = 0x248
                    0x0248                  _SPI1BUF = 0x248
                    0x02c0                  TRISA = 0x2c0
                    0x02c0                  _TRISA = 0x2c0
                    0x02c0                  _TRISAbits = 0x2c0
                    0x02c2                  PORTA = 0x2c2
                    0x02c2                  _PORTA = 0x2c2
                    0x02c2                  _PORTAbits = 0x2c2
                    0x02c4                  LATA = 0x2c4
                    0x02c4                  _LATA = 0x2c4
                    0x02c4                  _LATAbits = 0x2c4
                    0x02c6                  ODCA = 0x2c6
                    0x02c6                  _ODCA = 0x2c6
                    0x02c6                  _ODCAbits = 0x2c6
                    0x02c8                  TRISB = 0x2c8
                    0x02c8                  _TRISB = 0x2c8
                    0x02c8                  _TRISBbits = 0x2c8
                    0x02ca                  PORTB = 0x2ca
                    0x02ca                  _PORTB = 0x2ca
                    0x02ca                  _PORTBbits = 0x2ca
                    0x02cc                  LATB = 0x2cc
                    0x02cc                  _LATB = 0x2cc
                    0x02cc                  _LATBbits = 0x2cc
                    0x02ce                  ODCB = 0x2ce
                    0x02ce                  _ODCB = 0x2ce
                    0x02ce                  _ODCBbits = 0x2ce
                    0x02fc                  PADCFG1 = 0x2fc
                    0x02fc                  _PADCFG1 = 0x2fc
                    0x02fc                  _PADCFG1bits = 0x2fc
                    0x0300                  ADC1BUF0 = 0x300
                    0x0300                  _ADC1BUF0 = 0x300
                    0x0302                  ADC1BUF1 = 0x302
                    0x0302                  _ADC1BUF1 = 0x302
                    0x0304                  ADC1BUF2 = 0x304
                    0x0304                  _ADC1BUF2 = 0x304
                    0x0306                  ADC1BUF3 = 0x306
                    0x0306                  _ADC1BUF3 = 0x306
                    0x0308                  ADC1BUF4 = 0x308
                    0x0308                  _ADC1BUF4 = 0x308
                    0x030a                  ADC1BUF5 = 0x30a
                    0x030a                  _ADC1BUF5 = 0x30a
                    0x030c                  ADC1BUF6 = 0x30c
                    0x030c                  _ADC1BUF6 = 0x30c
                    0x030e                  ADC1BUF7 = 0x30e
                    0x030e                  _ADC1BUF7 = 0x30e
                    0x0310                  ADC1BUF8 = 0x310
                    0x0310                  _ADC1BUF8 = 0x310
                    0x0312                  ADC1BUF9 = 0x312
                    0x0312                  _ADC1BUF9 = 0x312
                    0x0314                  ADC1BUFA = 0x314
                    0x0314                  _ADC1BUFA = 0x314
                    0x0316                  ADC1BUFB = 0x316
                    0x0316                  _ADC1BUFB = 0x316
                    0x0318                  ADC1BUFC = 0x318
                    0x0318                  _ADC1BUFC = 0x318
                    0x031a                  ADC1BUFD = 0x31a
                    0x031a                  _ADC1BUFD = 0x31a
                    0x031c                  ADC1BUFE = 0x31c
                    0x031c                  _ADC1BUFE = 0x31c
                    0x031e                  ADC1BUFF = 0x31e
                    0x031e                  _ADC1BUFF = 0x31e
                    0x0320                  AD1CON1 = 0x320
                    0x0320                  _AD1CON1 = 0x320
                    0x0320                  _AD1CON1bits = 0x320
                    0x0322                  AD1CON2 = 0x322
                    0x0322                  _AD1CON2 = 0x322
                    0x0322                  _AD1CON2bits = 0x322
                    0x0324                  AD1CON3 = 0x324
                    0x0324                  _AD1CON3 = 0x324
                    0x0324                  _AD1CON3bits = 0x324
                    0x0328                  AD1CHS = 0x328
                    0x0328                  _AD1CHS = 0x328
                    0x0328                  _AD1CHSbits = 0x328
                    0x032c                  AD1PCFG = 0x32c
                    0x032c                  _AD1PCFG = 0x32c
                    0x032c                  _AD1PCFGbits = 0x32c
                    0x0330                  AD1CSSL = 0x330
                    0x0330                  _AD1CSSL = 0x330
                    0x0330                  _AD1CSSLbits = 0x330
                    0x033c                  CTMUCON = 0x33c
                    0x033c                  _CTMUCON = 0x33c
                    0x033c                  _CTMUCONbits = 0x33c
                    0x033e                  CTMUICON = 0x33e
                    0x033e                  _CTMUICON = 0x33e
                    0x033e                  _CTMUICONbits = 0x33e
                    0x0620                  ALRMVAL = 0x620
                    0x0620                  _ALRMVAL = 0x620
                    0x0622                  ALCFGRPT = 0x622
                    0x0622                  _ALCFGRPT = 0x622
                    0x0622                  _ALCFGRPTbits = 0x622
                    0x0624                  RTCVAL = 0x624
                    0x0624                  _RTCVAL = 0x624
                    0x0626                  RCFGCAL = 0x626
                    0x0626                  _RCFGCAL = 0x626
                    0x0626                  _RCFGCALbits = 0x626
                    0x0630                  CMSTAT = 0x630
                    0x0630                  _CMSTAT = 0x630
                    0x0630                  _CMSTATbits = 0x630
                    0x0632                  CVRCON = 0x632
                    0x0632                  _CVRCON = 0x632
                    0x0632                  _CVRCONbits = 0x632
                    0x0634                  CM1CON = 0x634
                    0x0634                  _CM1CON = 0x634
                    0x0634                  _CM1CONbits = 0x634
                    0x0636                  CM2CON = 0x636
                    0x0636                  _CM2CON = 0x636
                    0x0636                  _CM2CONbits = 0x636
                    0x0640                  CRCCON = 0x640
                    0x0640                  _CRCCON = 0x640
                    0x0640                  _CRCCONbits = 0x640
                    0x0642                  CRCXOR = 0x642
                    0x0642                  _CRCXOR = 0x642
                    0x0644                  CRCDAT = 0x644
                    0x0644                  _CRCDAT = 0x644
                    0x0646                  CRCWDAT = 0x646
                    0x0646                  _CRCWDAT = 0x646
                    0x0740                  RCON = 0x740
                    0x0740                  _RCON = 0x740
                    0x0740                  _RCONbits = 0x740
                    0x0742                  OSCCON = 0x742
                    0x0742                  _OSCCON = 0x742
                    0x0742                  _OSCCONbits = 0x742
                    0x0742                  OSCCONL = 0x742
                    0x0742                  _OSCCONL = 0x742
                    0x0743                  OSCCONH = 0x743
                    0x0743                  _OSCCONH = 0x743
                    0x0744                  CLKDIV = 0x744
                    0x0744                  _CLKDIV = 0x744
                    0x0744                  _CLKDIVbits = 0x744
                    0x0748                  OSCTUN = 0x748
                    0x0748                  _OSCTUN = 0x748
                    0x0748                  _OSCTUNbits = 0x748
                    0x074e                  REFOCON = 0x74e
                    0x074e                  _REFOCON = 0x74e
                    0x074e                  _REFOCONbits = 0x74e
                    0x0756                  HLVDCON = 0x756
                    0x0756                  _HLVDCON = 0x756
                    0x0756                  _HLVDCONbits = 0x756
                    0x0758                  DSCON = 0x758
                    0x0758                  _DSCON = 0x758
                    0x0758                  _DSCONbits = 0x758
                    0x075a                  DSWAKE = 0x75a
                    0x075a                  _DSWAKE = 0x75a
                    0x075a                  _DSWAKEbits = 0x75a
                    0x075a                  DSWSRC = 0x75a
                    0x075a                  _DSWSRC = 0x75a
                    0x075a                  _DSWSRCbits = 0x75a
                    0x075c                  DSGPR0 = 0x75c
                    0x075c                  _DSGPR0 = 0x75c
                    0x075e                  DSGPR1 = 0x75e
                    0x075e                  _DSGPR1 = 0x75e
                    0x0760                  NVMCON = 0x760
                    0x0760                  _NVMCON = 0x760
                    0x0760                  _NVMCONbits = 0x760
                    0x0766                  NVMKEY = 0x766
                    0x0766                  _NVMKEY = 0x766
                    0x0766                  _NVMKEYbits = 0x766
                    0x0770                  PMD1 = 0x770
                    0x0770                  _PMD1 = 0x770
                    0x0770                  _PMD1bits = 0x770
                    0x0772                  PMD2 = 0x772
                    0x0772                  _PMD2 = 0x772
                    0x0772                  _PMD2bits = 0x772
                    0x0774                  PMD3 = 0x774
                    0x0774                  _PMD3 = 0x774
                    0x0774                  _PMD3bits = 0x774
                    0x0776                  PMD4 = 0x776
                    0x0776                  _PMD4 = 0x776
                    0x0776                  _PMD4bits = 0x776
                    0x0140                  IC1 = 0x140
                    0x0140                  _IC1 = 0x140
                    0x0180                  OC1 = 0x180
                    0x0180                  _OC1 = 0x180
                    0x0240                  SPI1 = 0x240
                    0x0240                  _SPI1 = 0x240
                    0x0220                  UART1 = 0x220
                    0x0220                  _UART1 = 0x220
                    0x0230                  UART2 = 0x230
                    0x0230                  _UART2 = 0x230
START GROUP
LOAD c:/program files (x86)/microchip/xc16/v1.31/bin/bin/../../lib\libpic30-elf.a
LOAD c:/program files (x86)/microchip/xc16/v1.31/bin/bin/../../lib\libm-elf.a
LOAD c:/program files (x86)/microchip/xc16/v1.31/bin/bin/../../lib\libc-elf.a
END GROUP
OUTPUT(dist/default/production/originalend.X.production.elf elf32-pic30)
LOAD FBS
LOAD FGS
LOAD default_isr
LOAD data_init

.debug_pubtypes
                  0x0000a8        0x633
 .debug_pubtypes
                  0x0000a8        0x127 build/default/production/_ext/1472/HardwareProfile.o
 .debug_pubtypes
                  0x0001cf         0xc8 build/default/production/_ext/1472/EndPoint.o
 .debug_pubtypes
                  0x000297         0x12 build/default/production/_ext/1860783399/Console.o
 .debug_pubtypes
                  0x0002a9         0x38 build/default/production/_ext/1860783399/MSPI.o
 .debug_pubtypes
                  0x0002e1         0x3c build/default/production/_ext/1860783399/TimeDelay.o
 .debug_pubtypes
                  0x00031d         0x12 build/default/production/_ext/1466186449/NVM.o
 .debug_pubtypes
                  0x00032f         0x12 build/default/production/_ext/35256690/MiWi.o
 .debug_pubtypes
                  0x000341        0x176 build/default/production/_ext/1109514802/P2P.o
 .debug_pubtypes
                  0x0004b7         0x80 build/default/production/_ext/1466186449/SymbolTime.o
 .debug_pubtypes
                  0x000537         0x12 build/default/production/_ext/1127682237/crc.o
 .debug_pubtypes
                  0x000549        0x15c build/default/production/_ext/1061806389/MRF24J40.o
 .debug_pubtypes
                  0x0006a5         0x12 build/default/production/_ext/1696884637/MRF49XA.o
 .debug_pubtypes
                  0x0006b7         0x12 build/default/production/_ext/1127682237/security.o
 .debug_pubtypes
                  0x0006c9         0x12 build/default/production/_ext/1697003801/MRF89XA.o

__c30_signature
                  0x0006db         0x60
 __c30_signature
                  0x0006db          0x6 build/default/production/_ext/1472/HardwareProfile.o
 __c30_signature
                  0x0006e1          0x6 build/default/production/_ext/1472/EndPoint.o
 __c30_signature
                  0x0006e7          0x6 build/default/production/_ext/1860783399/Console.o
 __c30_signature
                  0x0006ed          0x6 build/default/production/_ext/1860783399/MSPI.o
 __c30_signature
                  0x0006f3          0x6 build/default/production/_ext/1860783399/TimeDelay.o
 __c30_signature
                  0x0006f9          0x6 build/default/production/_ext/1466186449/NVM.o
 __c30_signature
                  0x0006ff          0x6 build/default/production/_ext/35256690/MiWi.o
 __c30_signature
                  0x000705          0x6 build/default/production/_ext/1109514802/P2P.o
 __c30_signature
                  0x00070b          0x6 build/default/production/_ext/1466186449/SymbolTime.o
 __c30_signature
                  0x000711          0x6 build/default/production/_ext/1127682237/crc.o
 __c30_signature
                  0x000717          0x6 build/default/production/_ext/1061806389/MRF24J40.o
 __c30_signature
                  0x00071d          0x6 build/default/production/_ext/1696884637/MRF49XA.o
 __c30_signature
                  0x000723          0x6 build/default/production/_ext/1127682237/security.o
 __c30_signature
                  0x000729          0x6 build/default/production/_ext/1697003801/MRF89XA.o
 __c30_signature
                  0x00072f          0x6 c:/program files (x86)/microchip/xc16/v1.31/bin/bin/../../lib\libpic30-elf.a(crt0_standard.o)
 __c30_signature
                  0x000735          0x6 c:/program files (x86)/microchip/xc16/v1.31/bin/bin/../../lib\libpic30-elf.a(data_init_standard.o)

.nbss               0x0800        0x184
 .nbss              0x0800         0xe0 build/default/production/_ext/1109514802/P2P.o
                    0x0800                  _TxBuffer
                    0x0864                  _ConnectionTable
                    0x08be                  _myPANID
                    0x08c0                  _currentChannel
                    0x08c1                  _TxData
                    0x08c2                  _ConnMode
                    0x08c3                  _P2PCapacityInfo
                    0x08c4                  _rxMessage
                    0x08d0                  _LatestConnection
                    0x08d1                  _P2PStatus
                    0x08d2                  _MACRxPacket
 .nbss              0x08e0         0x94 build/default/production/_ext/1061806389/MRF24J40.o
                    0x08e0                  _MACInitParams
                    0x08e4                  _RxBuffer
                    0x0961                  _IEEESeqNum
                    0x0962                  _failureCounter
                    0x0964                  _MACCurrentChannel
                    0x0966                  _MAC_PANID
                    0x0968                  _myNetworkAddress
                    0x096a                  _t1
                    0x096e                  _t2
                    0x0972                  _MRF24J40Status
 .nbss              0x0974         0x10 build/default/production/_ext/1472/EndPoint.o
                    0x0974                  _gqwTicks
                    0x097c                  _gqwTime

.ndata              0x0984          0x8
 .ndata             0x0984          0x8 build/default/production/_ext/1109514802/P2P.o
                    0x0984                  _myLongAddress

.nbss               0x098c          0x2
 .nbss              0x098c          0x2 build/default/production/_ext/1466186449/SymbolTime.o
                    0x098c                  _timerExtension1
                    0x098d                  _timerExtension2

.ivt._T1Interrupt
                  0x00001a          0x2
 .ivt._T1Interrupt
                  0x00001a          0x2 build/default/production/_ext/1472/EndPoint.o

.ivt._INT1Interrupt
                  0x00003c          0x2
 .ivt._INT1Interrupt
                  0x00003c          0x2 build/default/production/_ext/1061806389/MRF24J40.o

.text             0x0003d2        0xc90
 .text            0x0003d2        0x81e build/default/production/_ext/1061806389/MRF24J40.o
                  0x0003d2                  _PHYSetLongRAMAddr
                  0x000418                  _PHYSetShortRAMAddr
                  0x00044a                  _PHYGetShortRAMAddr
                  0x00047c                  _PHYGetLongRAMAddr
                  0x0004c0                  _InitMRF24J40
                  0x0005ce                  _MiMAC_ReceivedPacket
                  0x000716                  _MiMAC_DiscardPacket
                  0x00071e                  _MiMAC_SendPacket
                  0x000a18                  _MiMAC_SetChannel
                  0x000a56                  _MiMAC_SetPower
                  0x000ad0                  _MiMAC_SetAltAddress
                  0x000b16                  _MiMAC_Init
                  0x000b34                  __INT1Interrupt
 .text            0x000bf0        0x356 build/default/production/_ext/1109514802/P2P.o
                  0x000bf0                  _MacroNop
                  0x000bf8                  _P2PTasks
                  0x000c9c                  _MiApp_ProtocolInit
                  0x000d26                  _SendPacket
                  0x000de6                  _MiApp_BroadcastPacket
                  0x000dfa                  _MiApp_UnicastConnection
                  0x000e2e                  _MiApp_UnicastAddress
                  0x000e46                  _isSameAddress
                  0x000e78                  _MiApp_DiscardMessage
                  0x000e82                  _MiApp_SetChannel
                  0x000ea0                  _MiApp_MessageAvailable
                  0x000eb2                  _DumpConnection
                  0x000f1e                  _MiApp_ConnectionMode
 .text            0x000f46         0x86 build/default/production/_ext/1860783399/TimeDelay.o
                  0x000f46                  _Delay10us
                  0x000f8e                  _DelayMs
 .text            0x000fcc         0x68 build/default/production/_ext/1472/HardwareProfile.o
                  0x000fcc                  _BoardInit
 .text            0x001034         0x2e build/default/production/_ext/1860783399/MSPI.o
                  0x001034                  _SPIPut
                  0x001054                  _SPIGet

.dinit            0x001062         0x26
 .dinit           0x001062         0x26 data_init

.text             0x001088         0x1e
 .text            0x001088         0x1e build/default/production/_ext/1466186449/SymbolTime.o
                  0x001088                  _InitSymbolTimer
                  0x001094                  _TickGet
